// Jest Snapshot v1, https://goo.gl/fbAQLP

exports[`Repos component renders Repos 1`] = `
<ul>
  <li
    key="1"
  >
    <Repo
      name="Lorem Ipsum"
      user="username"
    />
  </li>
  <li
    key="2"
  >
    <Repo
      name="Dolor"
      user="username"
    />
  </li>
</ul>
`;
